[2026-08-29 15:57:29.584] [INFO] c=2, BaseClient: logInitialize. path=./log/hsc3py
[2026-08-29 15:57:29.584] [INFO] c=2, CommApi: ver=IC1.0.1.250516-0(M-buf)
[2026-08-29 15:57:29.584] [INFO] c=2, setAutoConn: en=0
[2026-08-29 15:57:29.584] [INFO] c=2, connect: ip=10.10.59.211, port=23234
[2026-08-29 15:57:29.585] [INFO] c=2, onTcpConnRet: ok.
[2026-08-29 15:57:29.643] [INFO] c=2, executeCmd: pri=3, cmd={"i":1,"c":["io.setDout(25,false)"]}
[2026-08-29 15:57:29.643] [INFO] c=2, sendMsg: start...
[2026-08-29 15:57:29.643] [INFO] c=2, onTcpSendRet: send ok.
[2026-08-29 15:57:29.646] [INFO] c=2, TCP, type=2, data={"i":1,"r":[{"v":"true"}]}
[2026-08-29 15:57:29.647] [INFO] c=2, executeCmd: pri=3, cmd={"i":2,"c":["io.setDout(26,true)"]}
[2026-08-29 15:57:29.647] [INFO] c=2, sendMsg: start...
[2026-08-29 15:57:29.647] [INFO] c=2, onTcpSendRet: send ok.
[2026-08-29 15:57:29.648] [INFO] c=2, TCP, type=2, data={"i":2,"r":[{"v":"true"}]}
[2026-08-29 15:57:29.648] [INFO] c=2, executeCmd: pri=3, cmd={"i":3,"c":["io.setDout(26,false)"]}
[2026-08-29 15:57:29.648] [INFO] c=2, sendMsg: start...
[2026-08-29 15:57:29.648] [INFO] c=2, onTcpSendRet: send ok.
[2026-08-29 15:57:29.650] [INFO] c=2, TCP, type=2, data={"i":3,"r":[{"v":"true"}]}
[2026-08-29 15:57:29.650] [INFO] c=2, executeCmd: pri=3, cmd={"i":4,"c":["io.setDout(25,true)"]}
[2026-08-29 15:57:29.650] [INFO] c=2, sendMsg: start...
[2026-08-29 15:57:29.650] [INFO] c=2, onTcpSendRet: send ok.
[2026-08-29 15:57:29.651] [INFO] c=2, TCP, type=2, data={"i":4,"r":[{"v":"true"}]}
[2026-08-29 15:57:29.651] [INFO] c=2, executeCmd: pri=3, cmd={"i":5,"c":["io.setDout(26,false)"]}
[2026-08-29 15:57:29.651] [INFO] c=2, sendMsg: start...
[2026-08-29 15:57:29.651] [INFO] c=2, onTcpSendRet: send ok.
[2026-08-29 15:57:29.651] [INFO] c=2, TCP, type=2, data={"i":5,"r":[{"v":"true"}]}
[2026-08-29 15:57:29.651] [INFO] c=2, executeCmd: pri=3, cmd={"i":6,"c":["io.setDout(25,true)"]}
[2026-08-29 15:57:29.651] [INFO] c=2, sendMsg: start...
[2026-08-29 15:57:29.651] [INFO] c=2, onTcpSendRet: send ok.
[2026-08-29 15:57:29.653] [INFO] c=2, TCP, type=2, data={"i":6,"r":[{"v":"true"}]}
[2026-08-29 15:57:29.653] [INFO] c=2, disconnect: ...
[2026-08-29 15:57:29.653] [INFO] c=2, stop: ...
[2026-08-29 15:57:29.653] [ERRO] c=2, onTcpRecvRet: err! msg=Operation canceled, val=125
[2026-08-29 15:57:30.654] [INFO] c=2, disconnect: ...
[2026-08-29 15:57:30.654] [INFO] c=2, stop: ...
[2026-08-29 16:09:53.469] [INFO] c=2, BaseClient: logInitialize. path=./log/hsc3py
[2026-08-29 16:09:53.469] [INFO] c=2, CommApi: ver=IC1.0.1.250516-0(M-buf)
[2026-08-29 16:09:53.469] [INFO] c=2, setAutoConn: en=0
[2026-08-29 16:09:53.469] [INFO] c=2, connect: ip=10.10.59.211, port=23234
[2026-08-29 16:09:53.469] [INFO] c=2, onTcpConnRet: ok.
[2026-08-29 16:09:56.469] [INFO] c=2, onTcpSendRet: send ok.
[2026-08-29 16:09:59.469] [INFO] c=2, onTcpSendRet: send ok.
[2026-08-29 16:09:59.594] [INFO] c=3, BaseClient: logInitialize. path=./log/hsc3py
[2026-08-29 16:09:59.594] [INFO] c=3, CommApi: ver=IC1.0.1.250516-0(M-buf)
[2026-08-29 16:09:59.594] [INFO] c=3, setAutoConn: en=0
[2026-08-29 16:09:59.594] [INFO] c=3, connect: ip=10.10.59.211, port=23234
[2026-08-29 16:09:59.594] [INFO] c=3, onTcpConnRet: ok.
[2026-08-29 16:09:59.601] [INFO] c=3, disconnect: ...
[2026-08-29 16:09:59.601] [INFO] c=3, stop: ...
[2026-08-29 16:09:59.601] [ERRO] c=3, onTcpRecvRet: err! msg=Operation canceled, val=125
[2026-08-29 16:10:00.601] [INFO] c=3, disconnect: ...
[2026-08-29 16:10:00.601] [INFO] c=3, stop: ...
[2026-08-29 16:10:01.601] [INFO] c=3, disconnect: ...
[2026-08-29 16:10:01.601] [INFO] c=3, stop: ...
[2026-08-29 16:10:01.601] [INFO] c=3, ftp_disconnect: ...
[2026-08-29 16:10:01.601] [INFO] c=3, ftp_disconnect: ...
[2026-08-29 16:10:02.101] [INFO] c=3, stop: ...
[2026-08-29 16:10:02.101] [INFO] c=3, BaseClient: delete.
[2026-08-29 16:10:01.610] [INFO] c=4, BaseClient: logInitialize. path=./log/hsc3py
[2026-08-29 16:10:01.610] [INFO] c=4, CommApi: ver=IC1.0.1.250516-0(M-buf)
[2026-08-29 16:10:01.610] [INFO] c=4, setAutoConn: en=0
[2026-08-29 16:10:01.610] [INFO] c=4, connect: ip=10.10.59.211, port=23234
[2026-08-29 16:10:01.610] [INFO] c=4, onTcpConnRet: ok.
[2026-08-29 16:10:02.128] [INFO] c=4, disconnect: ...
[2026-08-29 16:10:02.128] [INFO] c=4, stop: ...
[2026-08-29 16:10:02.594] [ERRO] c=4, onTcpRecvRet: err! msg=Operation canceled, val=125
[2026-08-29 16:10:02.594] [INFO] c=2, TCP, type=1, data={"i":-1,"r":[{"v":"[ 2026-08-29 16:11:07.176 ] [0x40400180002310] [错误] [伺服] [0] [1] [可恢复]2轴跟踪误差过大！！！,Tips:1.是否超速超载运行   2.检查重载线连接是否有异常，尝试重插或换线"}]}
[2026-08-29 16:10:02.594] [INFO] c=2, onTcpSendRet: send ok.
[2026-08-29 16:10:03.128] [INFO] c=4, disconnect: ...
[2026-08-29 16:10:03.128] [INFO] c=4, stop: ...
[2026-08-29 16:59:40.665] [INFO] c=2, BaseClient: logInitialize. path=./log/hsc3py
[2026-08-29 16:59:40.665] [INFO] c=2, CommApi: ver=IC1.0.1.250516-0(M-buf)
[2026-08-29 16:59:40.665] [INFO] c=2, setAutoConn: en=0
[2026-08-29 16:59:40.665] [INFO] c=2, connect: ip=10.10.59.211, port=23234
[2026-08-29 16:59:40.665] [INFO] c=2, onTcpConnRet: ok.
[2026-08-29 16:59:40.725] [INFO] c=2, executeCmd: pri=3, cmd={"i":1,"c":["io.setDout(25,false)"]}
[2026-08-29 16:59:40.725] [INFO] c=2, sendMsg: start...
[2026-08-29 16:59:40.725] [INFO] c=2, onTcpSendRet: send ok.
[2026-08-29 16:59:40.727] [INFO] c=2, TCP, type=2, data={"i":1,"r":[{"v":"true"}]}
[2026-08-29 16:59:40.727] [INFO] c=2, executeCmd: pri=3, cmd={"i":2,"c":["io.setDout(26,true)"]}
[2026-08-29 16:59:40.727] [INFO] c=2, sendMsg: start...
[2026-08-29 16:59:40.727] [INFO] c=2, onTcpSendRet: send ok.
[2026-08-29 16:59:40.728] [INFO] c=2, TCP, type=2, data={"i":2,"r":[{"v":"true"}]}
[2026-08-29 16:59:40.728] [INFO] c=2, executeCmd: pri=3, cmd={"i":3,"c":["io.setDout(26,false)"]}
[2026-08-29 16:59:40.728] [INFO] c=2, sendMsg: start...
[2026-08-29 16:59:40.728] [INFO] c=2, onTcpSendRet: send ok.
[2026-08-29 16:59:40.730] [INFO] c=2, TCP, type=2, data={"i":3,"r":[{"v":"true"}]}
[2026-08-29 16:59:40.730] [INFO] c=2, executeCmd: pri=3, cmd={"i":4,"c":["io.setDout(25,true)"]}
[2026-08-29 16:59:40.730] [INFO] c=2, sendMsg: start...
[2026-08-29 16:59:40.730] [INFO] c=2, onTcpSendRet: send ok.
[2026-08-29 16:59:40.731] [INFO] c=2, TCP, type=2, data={"i":4,"r":[{"v":"true"}]}
[2026-08-29 16:59:40.731] [INFO] c=2, executeCmd: pri=3, cmd={"i":5,"c":["io.setDout(26,false)"]}
[2026-08-29 16:59:40.731] [INFO] c=2, sendMsg: start...
[2026-08-29 16:59:40.731] [INFO] c=2, onTcpSendRet: send ok.
[2026-08-29 16:59:40.732] [INFO] c=2, TCP, type=2, data={"i":5,"r":[{"v":"true"}]}
[2026-08-29 16:59:40.732] [INFO] c=2, executeCmd: pri=3, cmd={"i":6,"c":["io.setDout(25,true)"]}
[2026-08-29 16:59:40.732] [INFO] c=2, sendMsg: start...
[2026-08-29 16:59:40.732] [INFO] c=2, onTcpSendRet: send ok.
[2026-08-29 16:59:40.734] [INFO] c=2, TCP, type=2, data={"i":6,"r":[{"v":"true"}]}
[2026-08-29 16:59:40.735] [INFO] c=2, disconnect: ...
[2026-08-29 16:59:40.735] [INFO] c=2, stop: ...
[2026-08-29 16:59:40.735] [ERRO] c=2, onTcpRecvRet: err! msg=Operation canceled, val=125
[2026-08-29 16:59:41.735] [INFO] c=2, disconnect: ...
[2026-08-29 16:59:41.735] [INFO] c=2, stop: ...
[2026-08-29 17:01:10.734] [INFO] c=2, BaseClient: logInitialize. path=./log/hsc3py
[2026-08-29 17:01:10.734] [INFO] c=2, CommApi: ver=IC1.0.1.250516-0(M-buf)
[2026-08-29 17:01:10.734] [INFO] c=2, setAutoConn: en=0
[2026-08-29 17:01:10.734] [INFO] c=2, connect: ip=10.10.59.211, port=23234
[2026-08-29 17:01:10.734] [INFO] c=2, onTcpConnRet: ok.
[2026-08-29 17:01:13.734] [INFO] c=2, onTcpSendRet: send ok.
[2026-08-29 17:01:16.734] [INFO] c=2, onTcpSendRet: send ok.
[2026-08-29 17:01:19.734] [INFO] c=2, onTcpSendRet: send ok.
[2026-08-29 17:01:22.734] [INFO] c=2, onTcpSendRet: send ok.
[2026-08-29 17:01:25.734] [INFO] c=2, onTcpSendRet: send ok.
[2026-08-29 17:01:28.735] [INFO] c=2, onTcpSendRet: send ok.
[2026-08-29 17:01:31.735] [INFO] c=2, onTcpSendRet: send ok.
[2026-08-29 17:01:33.802] [INFO] c=2, disconnect: ...
[2026-08-29 17:01:33.802] [INFO] c=2, stop: ...
[2026-08-29 17:01:33.802] [ERRO] c=2, onTcpRecvRet: err! msg=Operation canceled, val=125
[2026-08-29 17:01:34.802] [INFO] c=2, disconnect: ...
[2026-08-29 17:01:34.802] [INFO] c=2, stop: ...
[2026-08-29 17:02:00.421] [INFO] c=2, BaseClient: logInitialize. path=./log/hsc3py
[2026-08-29 17:02:00.421] [INFO] c=2, CommApi: ver=IC1.0.1.250516-0(M-buf)
[2026-08-29 17:02:00.421] [INFO] c=2, setAutoConn: en=0
[2026-08-29 17:02:00.421] [INFO] c=2, connect: ip=10.10.59.211, port=23234
[2026-08-29 17:02:00.421] [INFO] c=2, onTcpConnRet: ok.
[2026-08-29 17:02:03.421] [INFO] c=2, onTcpSendRet: send ok.
[2026-08-29 17:02:06.421] [INFO] c=2, onTcpSendRet: send ok.
[2026-08-29 17:02:09.421] [INFO] c=2, onTcpSendRet: send ok.
[2026-08-29 17:02:12.421] [INFO] c=2, onTcpSendRet: send ok.
[2026-08-29 17:02:14.567] [INFO] c=2, disconnect: ...
[2026-08-29 17:02:14.567] [INFO] c=2, stop: ...
[2026-08-29 17:02:14.567] [ERRO] c=2, onTcpRecvRet: err! msg=Operation canceled, val=125
[2026-08-29 17:02:15.567] [INFO] c=2, disconnect: ...
[2026-08-29 17:02:15.567] [INFO] c=2, stop: ...
[2026-08-29 17:06:11.712] [INFO] c=2, BaseClient: logInitialize. path=./log/hsc3py
[2026-08-29 17:06:11.712] [INFO] c=2, CommApi: ver=IC1.0.1.250516-0(M-buf)
[2026-08-29 17:06:11.713] [INFO] c=2, setAutoConn: en=0
[2026-08-29 17:06:11.713] [INFO] c=2, connect: ip=10.10.59.211, port=23234
[2026-08-29 17:06:11.713] [INFO] c=2, onTcpConnRet: ok.
[2026-08-29 17:06:14.713] [INFO] c=2, onTcpSendRet: send ok.
[2026-08-29 17:06:15.755] [INFO] c=2, disconnect: ...
[2026-08-29 17:06:15.755] [INFO] c=2, stop: ...
[2026-08-29 17:06:15.756] [ERRO] c=2, onTcpRecvRet: err! msg=Operation canceled, val=125
[2026-08-29 17:06:16.756] [INFO] c=2, disconnect: ...
[2026-08-29 17:06:16.756] [INFO] c=2, stop: ...
[2026-08-29 17:09:20.538] [INFO] c=2, BaseClient: logInitialize. path=./log/hsc3py
[2026-08-29 17:09:20.538] [INFO] c=2, CommApi: ver=IC1.0.1.250516-0(M-buf)
[2026-08-29 17:09:20.538] [INFO] c=2, setAutoConn: en=0
[2026-08-29 17:09:20.538] [INFO] c=2, connect: ip=10.10.59.211, port=23234
[2026-08-29 17:09:20.538] [INFO] c=2, onTcpConnRet: ok.
[2026-08-29 17:09:23.538] [INFO] c=2, onTcpSendRet: send ok.
[2026-08-29 17:09:24.580] [INFO] c=2, disconnect: ...
[2026-08-29 17:09:24.580] [INFO] c=2, stop: ...
[2026-08-29 17:09:24.580] [ERRO] c=2, onTcpRecvRet: err! msg=Operation canceled, val=125
[2026-08-29 17:09:25.580] [INFO] c=2, disconnect: ...
[2026-08-29 17:09:25.580] [INFO] c=2, stop: ...
